loc                       lastmod     changefreq  priority
http://www.example.com/   2005-01-01  monthly     0.8
http://www.examples.com/  2006-01-01  weekly      0.5
