loc                                     lastmod
http://www.example.com/sitemap1.xml.gz  2004-10-01T18:23:17+00:00
http://www.example.com/sitemap2.xml.gz  2005-01-01
